
> collaborative-workspace-backend@1.0.0 build
> tsc

src/__tests__/integration/auth.test.ts(7,1): error TS2593: Cannot find name 'describe'. Do you need to install type definitions for a test runner? Try `npm i --save-dev @types/jest` or `npm i --save-dev @types/mocha` and then add 'jest' or 'mocha' to the types field in your tsconfig.
src/__tests__/integration/auth.test.ts(11,3): error TS2304: Cannot find name 'beforeAll'.
src/__tests__/integration/auth.test.ts(20,3): error TS2593: Cannot find name 'describe'. Do you need to install type definitions for a test runner? Try `npm i --save-dev @types/jest` or `npm i --save-dev @types/mocha` and then add 'jest' or 'mocha' to the types field in your tsconfig.
src/__tests__/integration/auth.test.ts(21,5): error TS2593: Cannot find name 'it'. Do you need to install type definitions for a test runner? Try `npm i --save-dev @types/jest` or `npm i --save-dev @types/mocha` and then add 'jest' or 'mocha' to the types field in your tsconfig.
src/__tests__/integration/auth.test.ts(31,7): error TS2304: Cannot find name 'expect'.
src/__tests__/integration/auth.test.ts(32,7): error TS2304: Cannot find name 'expect'.
src/__tests__/integration/auth.test.ts(33,7): error TS2304: Cannot find name 'expect'.
src/__tests__/integration/auth.test.ts(34,7): error TS2304: Cannot find name 'expect'.
src/__tests__/integration/auth.test.ts(35,7): error TS2304: Cannot find name 'expect'.
src/__tests__/integration/auth.test.ts(38,5): error TS2593: Cannot find name 'it'. Do you need to install type definitions for a test runner? Try `npm i --save-dev @types/jest` or `npm i --save-dev @types/mocha` and then add 'jest' or 'mocha' to the types field in your tsconfig.
src/__tests__/integration/auth.test.ts(53,7): error TS2304: Cannot find name 'expect'.
src/__tests__/integration/auth.test.ts(54,7): error TS2304: Cannot find name 'expect'.
src/__tests__/integration/auth.test.ts(57,5): error TS2593: Cannot find name 'it'. Do you need to install type definitions for a test runner? Try `npm i --save-dev @types/jest` or `npm i --save-dev @types/mocha` and then add 'jest' or 'mocha' to the types field in your tsconfig.
src/__tests__/integration/auth.test.ts(64,7): error TS2304: Cannot find name 'expect'.
src/__tests__/integration/auth.test.ts(65,7): error TS2304: Cannot find name 'expect'.
src/__tests__/integration/auth.test.ts(69,3): error TS2593: Cannot find name 'describe'. Do you need to install type definitions for a test runner? Try `npm i --save-dev @types/jest` or `npm i --save-dev @types/mocha` and then add 'jest' or 'mocha' to the types field in your tsconfig.
src/__tests__/integration/auth.test.ts(73,5): error TS2304: Cannot find name 'beforeAll'.
src/__tests__/integration/auth.test.ts(81,5): error TS2593: Cannot find name 'it'. Do you need to install type definitions for a test runner? Try `npm i --save-dev @types/jest` or `npm i --save-dev @types/mocha` and then add 'jest' or 'mocha' to the types field in your tsconfig.
src/__tests__/integration/auth.test.ts(87,7): error TS2304: Cannot find name 'expect'.
src/__tests__/integration/auth.test.ts(88,7): error TS2304: Cannot find name 'expect'.
src/__tests__/integration/auth.test.ts(89,7): error TS2304: Cannot find name 'expect'.
src/__tests__/integration/auth.test.ts(90,7): error TS2304: Cannot find name 'expect'.
src/__tests__/integration/auth.test.ts(93,5): error TS2593: Cannot find name 'it'. Do you need to install type definitions for a test runner? Try `npm i --save-dev @types/jest` or `npm i --save-dev @types/mocha` and then add 'jest' or 'mocha' to the types field in your tsconfig.
src/__tests__/integration/auth.test.ts(99,7): error TS2304: Cannot find name 'expect'.
src/__tests__/integration/auth.test.ts(100,7): error TS2304: Cannot find name 'expect'.
src/__tests__/integration/auth.test.ts(103,5): error TS2593: Cannot find name 'it'. Do you need to install type definitions for a test runner? Try `npm i --save-dev @types/jest` or `npm i --save-dev @types/mocha` and then add 'jest' or 'mocha' to the types field in your tsconfig.
src/__tests__/integration/auth.test.ts(109,7): error TS2304: Cannot find name 'expect'.
src/__tests__/integration/auth.test.ts(110,7): error TS2304: Cannot find name 'expect'.
src/__tests__/integration/auth.test.ts(114,3): error TS2593: Cannot find name 'describe'. Do you need to install type definitions for a test runner? Try `npm i --save-dev @types/jest` or `npm i --save-dev @types/mocha` and then add 'jest' or 'mocha' to the types field in your tsconfig.
src/__tests__/integration/auth.test.ts(117,5): error TS2304: Cannot find name 'beforeAll'.
src/__tests__/integration/auth.test.ts(129,5): error TS2593: Cannot find name 'it'. Do you need to install type definitions for a test runner? Try `npm i --save-dev @types/jest` or `npm i --save-dev @types/mocha` and then add 'jest' or 'mocha' to the types field in your tsconfig.
src/__tests__/integration/auth.test.ts(134,7): error TS2304: Cannot find name 'expect'.
src/__tests__/integration/auth.test.ts(135,7): error TS2304: Cannot find name 'expect'.
src/__tests__/integration/auth.test.ts(136,7): error TS2304: Cannot find name 'expect'.
src/__tests__/integration/auth.test.ts(139,5): error TS2593: Cannot find name 'it'. Do you need to install type definitions for a test runner? Try `npm i --save-dev @types/jest` or `npm i --save-dev @types/mocha` and then add 'jest' or 'mocha' to the types field in your tsconfig.
src/__tests__/integration/auth.test.ts(144,7): error TS2304: Cannot find name 'expect'.
src/__tests__/integration/auth.test.ts(145,7): error TS2304: Cannot find name 'expect'.
src/__tests__/integration/auth.test.ts(149,3): error TS2593: Cannot find name 'describe'. Do you need to install type definitions for a test runner? Try `npm i --save-dev @types/jest` or `npm i --save-dev @types/mocha` and then add 'jest' or 'mocha' to the types field in your tsconfig.
src/__tests__/integration/auth.test.ts(152,5): error TS2304: Cannot find name 'beforeAll'.
src/__tests__/integration/auth.test.ts(164,5): error TS2593: Cannot find name 'it'. Do you need to install type definitions for a test runner? Try `npm i --save-dev @types/jest` or `npm i --save-dev @types/mocha` and then add 'jest' or 'mocha' to the types field in your tsconfig.
src/__tests__/integration/auth.test.ts(169,7): error TS2304: Cannot find name 'expect'.
src/__tests__/integration/auth.test.ts(170,7): error TS2304: Cannot find name 'expect'.
src/__tests__/integration/auth.test.ts(171,7): error TS2304: Cannot find name 'expect'.
src/__tests__/integration/auth.test.ts(174,5): error TS2593: Cannot find name 'it'. Do you need to install type definitions for a test runner? Try `npm i --save-dev @types/jest` or `npm i --save-dev @types/mocha` and then add 'jest' or 'mocha' to the types field in your tsconfig.
src/__tests__/integration/auth.test.ts(177,7): error TS2304: Cannot find name 'expect'.
src/__tests__/integration/auth.test.ts(178,7): error TS2304: Cannot find name 'expect'.
src/__tests__/unit/use-cases/auth/RegisterUser.test.ts(10,1): error TS2593: Cannot find name 'describe'. Do you need to install type definitions for a test runner? Try `npm i --save-dev @types/jest` or `npm i --save-dev @types/mocha` and then add 'jest' or 'mocha' to the types field in your tsconfig.
src/__tests__/unit/use-cases/auth/RegisterUser.test.ts(12,27): error TS2503: Cannot find namespace 'jest'.
src/__tests__/unit/use-cases/auth/RegisterUser.test.ts(13,24): error TS2503: Cannot find namespace 'jest'.
src/__tests__/unit/use-cases/auth/RegisterUser.test.ts(15,3): error TS2304: Cannot find name 'beforeEach'.
src/__tests__/unit/use-cases/auth/RegisterUser.test.ts(17,17): error TS2304: Cannot find name 'jest'.
src/__tests__/unit/use-cases/auth/RegisterUser.test.ts(18,20): error TS2304: Cannot find name 'jest'.
src/__tests__/unit/use-cases/auth/RegisterUser.test.ts(19,13): error TS2304: Cannot find name 'jest'.
src/__tests__/unit/use-cases/auth/RegisterUser.test.ts(20,15): error TS2304: Cannot find name 'jest'.
src/__tests__/unit/use-cases/auth/RegisterUser.test.ts(21,16): error TS2304: Cannot find name 'jest'.
src/__tests__/unit/use-cases/auth/RegisterUser.test.ts(25,21): error TS2304: Cannot find name 'jest'.
src/__tests__/unit/use-cases/auth/RegisterUser.test.ts(26,24): error TS2304: Cannot find name 'jest'.
src/__tests__/unit/use-cases/auth/RegisterUser.test.ts(27,22): error TS2304: Cannot find name 'jest'.
src/__tests__/unit/use-cases/auth/RegisterUser.test.ts(28,29): error TS2304: Cannot find name 'jest'.
src/__tests__/unit/use-cases/auth/RegisterUser.test.ts(29,20): error TS2304: Cannot find name 'jest'.
src/__tests__/unit/use-cases/auth/RegisterUser.test.ts(30,27): error TS2304: Cannot find name 'jest'.
src/__tests__/unit/use-cases/auth/RegisterUser.test.ts(36,3): error TS2593: Cannot find name 'describe'. Do you need to install type definitions for a test runner? Try `npm i --save-dev @types/jest` or `npm i --save-dev @types/mocha` and then add 'jest' or 'mocha' to the types field in your tsconfig.
src/__tests__/unit/use-cases/auth/RegisterUser.test.ts(37,5): error TS2593: Cannot find name 'it'. Do you need to install type definitions for a test runner? Try `npm i --save-dev @types/jest` or `npm i --save-dev @types/mocha` and then add 'jest' or 'mocha' to the types field in your tsconfig.
src/__tests__/unit/use-cases/auth/RegisterUser.test.ts(38,13): error TS2304: Cannot find name 'expect'.
src/__tests__/unit/use-cases/auth/RegisterUser.test.ts(47,5): error TS2593: Cannot find name 'it'. Do you need to install type definitions for a test runner? Try `npm i --save-dev @types/jest` or `npm i --save-dev @types/mocha` and then add 'jest' or 'mocha' to the types field in your tsconfig.
src/__tests__/unit/use-cases/auth/RegisterUser.test.ts(48,13): error TS2304: Cannot find name 'expect'.
src/__tests__/unit/use-cases/auth/RegisterUser.test.ts(57,5): error TS2593: Cannot find name 'it'. Do you need to install type definitions for a test runner? Try `npm i --save-dev @types/jest` or `npm i --save-dev @types/mocha` and then add 'jest' or 'mocha' to the types field in your tsconfig.
src/__tests__/unit/use-cases/auth/RegisterUser.test.ts(58,13): error TS2304: Cannot find name 'expect'.
src/__tests__/unit/use-cases/auth/RegisterUser.test.ts(68,3): error TS2593: Cannot find name 'describe'. Do you need to install type definitions for a test runner? Try `npm i --save-dev @types/jest` or `npm i --save-dev @types/mocha` and then add 'jest' or 'mocha' to the types field in your tsconfig.
src/__tests__/unit/use-cases/auth/RegisterUser.test.ts(69,5): error TS2593: Cannot find name 'it'. Do you need to install type definitions for a test runner? Try `npm i --save-dev @types/jest` or `npm i --save-dev @types/mocha` and then add 'jest' or 'mocha' to the types field in your tsconfig.
src/__tests__/unit/use-cases/auth/RegisterUser.test.ts(83,13): error TS2304: Cannot find name 'expect'.
src/__tests__/unit/use-cases/auth/RegisterUser.test.ts(92,5): error TS2593: Cannot find name 'it'. Do you need to install type definitions for a test runner? Try `npm i --save-dev @types/jest` or `npm i --save-dev @types/mocha` and then add 'jest' or 'mocha' to the types field in your tsconfig.
src/__tests__/unit/use-cases/auth/RegisterUser.test.ts(116,7): error TS2304: Cannot find name 'expect'.
src/__tests__/unit/use-cases/auth/RegisterUser.test.ts(117,7): error TS2304: Cannot find name 'expect'.
src/__tests__/unit/use-cases/auth/RegisterUser.test.ts(118,7): error TS2304: Cannot find name 'expect'.
src/__tests__/unit/use-cases/auth/RegisterUser.test.ts(119,7): error TS2304: Cannot find name 'expect'.
src/__tests__/unit/use-cases/auth/RegisterUser.test.ts(120,7): error TS2304: Cannot find name 'expect'.
src/__tests__/unit/use-cases/auth/RegisterUser.test.ts(123,5): error TS2593: Cannot find name 'it'. Do you need to install type definitions for a test runner? Try `npm i --save-dev @types/jest` or `npm i --save-dev @types/mocha` and then add 'jest' or 'mocha' to the types field in your tsconfig.
src/__tests__/unit/use-cases/auth/RegisterUser.test.ts(148,7): error TS2304: Cannot find name 'expect'.
src/__tests__/unit/use-cases/projects/CreateProject.test.ts(12,1): error TS2593: Cannot find name 'describe'. Do you need to install type definitions for a test runner? Try `npm i --save-dev @types/jest` or `npm i --save-dev @types/mocha` and then add 'jest' or 'mocha' to the types field in your tsconfig.
src/__tests__/unit/use-cases/projects/CreateProject.test.ts(14,30): error TS2503: Cannot find namespace 'jest'.
src/__tests__/unit/use-cases/projects/CreateProject.test.ts(15,27): error TS2503: Cannot find namespace 'jest'.
src/__tests__/unit/use-cases/projects/CreateProject.test.ts(16,25): error TS2503: Cannot find namespace 'jest'.
src/__tests__/unit/use-cases/projects/CreateProject.test.ts(18,3): error TS2304: Cannot find name 'beforeEach'.
src/__tests__/unit/use-cases/projects/CreateProject.test.ts(20,17): error TS2304: Cannot find name 'jest'.
src/__tests__/unit/use-cases/projects/CreateProject.test.ts(21,22): error TS2304: Cannot find name 'jest'.
src/__tests__/unit/use-cases/projects/CreateProject.test.ts(22,13): error TS2304: Cannot find name 'jest'.
src/__tests__/unit/use-cases/projects/CreateProject.test.ts(23,15): error TS2304: Cannot find name 'jest'.
src/__tests__/unit/use-cases/projects/CreateProject.test.ts(24,16): error TS2304: Cannot find name 'jest'.
src/__tests__/unit/use-cases/projects/CreateProject.test.ts(28,17): error TS2304: Cannot find name 'jest'.
src/__tests__/unit/use-cases/projects/CreateProject.test.ts(29,20): error TS2304: Cannot find name 'jest'.
src/__tests__/unit/use-cases/projects/CreateProject.test.ts(30,13): error TS2304: Cannot find name 'jest'.
src/__tests__/unit/use-cases/projects/CreateProject.test.ts(31,15): error TS2304: Cannot find name 'jest'.
src/__tests__/unit/use-cases/projects/CreateProject.test.ts(32,16): error TS2304: Cannot find name 'jest'.
src/__tests__/unit/use-cases/projects/CreateProject.test.ts(36,12): error TS2304: Cannot find name 'jest'.
src/__tests__/unit/use-cases/projects/CreateProject.test.ts(37,12): error TS2304: Cannot find name 'jest'.
src/__tests__/unit/use-cases/projects/CreateProject.test.ts(38,15): error TS2304: Cannot find name 'jest'.
src/__tests__/unit/use-cases/projects/CreateProject.test.ts(39,14): error TS2304: Cannot find name 'jest'.
src/__tests__/unit/use-cases/projects/CreateProject.test.ts(49,3): error TS2593: Cannot find name 'it'. Do you need to install type definitions for a test runner? Try `npm i --save-dev @types/jest` or `npm i --save-dev @types/mocha` and then add 'jest' or 'mocha' to the types field in your tsconfig.
src/__tests__/unit/use-cases/projects/CreateProject.test.ts(50,11): error TS2304: Cannot find name 'expect'.
src/__tests__/unit/use-cases/projects/CreateProject.test.ts(59,3): error TS2593: Cannot find name 'it'. Do you need to install type definitions for a test runner? Try `npm i --save-dev @types/jest` or `npm i --save-dev @types/mocha` and then add 'jest' or 'mocha' to the types field in your tsconfig.
src/__tests__/unit/use-cases/projects/CreateProject.test.ts(62,11): error TS2304: Cannot find name 'expect'.
src/__tests__/unit/use-cases/projects/CreateProject.test.ts(71,3): error TS2593: Cannot find name 'it'. Do you need to install type definitions for a test runner? Try `npm i --save-dev @types/jest` or `npm i --save-dev @types/mocha` and then add 'jest' or 'mocha' to the types field in your tsconfig.
src/__tests__/unit/use-cases/projects/CreateProject.test.ts(99,11): error TS2304: Cannot find name 'expect'.
src/__tests__/unit/use-cases/projects/CreateProject.test.ts(108,3): error TS2593: Cannot find name 'it'. Do you need to install type definitions for a test runner? Try `npm i --save-dev @types/jest` or `npm i --save-dev @types/mocha` and then add 'jest' or 'mocha' to the types field in your tsconfig.
src/__tests__/unit/use-cases/projects/CreateProject.test.ts(138,5): error TS2304: Cannot find name 'expect'.
src/__tests__/unit/use-cases/projects/CreateProject.test.ts(139,5): error TS2304: Cannot find name 'expect'.
src/__tests__/unit/use-cases/projects/CreateProject.test.ts(140,5): error TS2304: Cannot find name 'expect'.
src/__tests__/unit/use-cases/projects/CreateProject.test.ts(141,5): error TS2304: Cannot find name 'expect'.
